
SN 68k version 2.53


Assembly completed.
0 error(s) from 57588 lines in 0.7 seconds
